#
# There is insufficient memory for the Java Runtime Environment to continue.
# Native memory allocation (mmap) failed to map 163577856 bytes for G1 virtual space
# Possible reasons:
#   The system is out of physical RAM or swap space
#   The process is running with CompressedOops enabled, and the Java Heap may be blocking the growth of the native heap
# Possible solutions:
#   Reduce memory load on the system
#   Increase physical memory or swap space
#   Check if swap backing store is full
#   Decrease Java heap size (-Xmx/-Xms)
#   Decrease number of Java threads
#   Decrease Java thread stack sizes (-Xss)
#   Set larger code cache with -XX:ReservedCodeCacheSize=
#   JVM is running with Zero Based Compressed Oops mode in which the Java heap is
#     placed in the first 32GB address space. The Java Heap base address is the
#     maximum limit for the native heap growth. Please use -XX:HeapBaseMinAddress
#     to set the Java Heap base and to place the Java Heap above 32GB virtual address.
# This output file may be truncated or incomplete.
#
#  Out of Memory Error (os_windows.cpp:3550), pid=27400, tid=9352
#
# JRE version: Java(TM) SE Runtime Environment (17.0.7+8) (build 17.0.7+8-LTS-224)
# Java VM: Java HotSpot(TM) 64-Bit Server VM (17.0.7+8-LTS-224, mixed mode, sharing, tiered, compressed oops, compressed class ptrs, g1 gc, windows-amd64)
# No core dump will be written. Minidumps are not enabled by default on client versions of Windows
#

---------------  S U M M A R Y ------------

Command Line: -agentlib:jdwp=transport=dt_socket,address=127.0.0.1:61340,suspend=y,server=n -javaagent:C:\Users\user\AppData\Local\JetBrains\IdeaIC2023.1\captureAgent\debugger-agent.jar=file:/C:/Users/user/AppData/Local/Temp/capture.props -Dfile.encoding=UTF-8 com.e_banking_portal.transaction_service.TransactionServiceApplication

Host: Intel(R) Core(TM) i7-10750H CPU @ 2.60GHz, 12 cores, 15G,  Windows 11 , 64 bit Build 22621 (10.0.22621.5415)
Time: Wed Aug 13 00:35:55 2025 SE Asia Standard Time elapsed time: 11.926102 seconds (0d 0h 0m 11s)

---------------  T H R E A D  ---------------

Current thread (0x000001709388ece0):  VMThread "VM Thread" [stack: 0x00000027cc200000,0x00000027cc300000] [id=9352]

Stack: [0x00000027cc200000,0x00000027cc300000]
Native frames: (J=compiled Java code, j=interpreted, Vv=VM code, C=native code)
V  [jvm.dll+0x676a4a]
V  [jvm.dll+0x7d74f4]
V  [jvm.dll+0x7d8c9e]
V  [jvm.dll+0x7d9303]
V  [jvm.dll+0x2452c5]
V  [jvm.dll+0x6738f9]
V  [jvm.dll+0x668232]
V  [jvm.dll+0x302826]
V  [jvm.dll+0x309da6]
V  [jvm.dll+0x35952e]
V  [jvm.dll+0x35975f]
V  [jvm.dll+0x2d9a38]
V  [jvm.dll+0x2d7e45]
V  [jvm.dll+0x2d744c]
V  [jvm.dll+0x31ab1b]
V  [jvm.dll+0x7ddb0b]
V  [jvm.dll+0x7de844]
V  [jvm.dll+0x7ded5d]
V  [jvm.dll+0x7df134]
V  [jvm.dll+0x7df200]
V  [jvm.dll+0x78759a]
V  [jvm.dll+0x675875]
C  [ucrtbase.dll+0x29333]
C  [KERNEL32.DLL+0x1259d]
C  [ntdll.dll+0x5af78]

VM_Operation (0x00000027cbcf7ee0): G1CollectForAllocation, mode: safepoint, requested by thread 0x00000170ee7e84f0


---------------  P R O C E S S  ---------------

Threads class SMR info:
_java_thread_list=0x000001709e7234a0, length=23, elements={
0x00000170ee7e84f0, 0x0000017093896090, 0x0000017093896f00, 0x000001709440a790,
0x000001709440b340, 0x000001709440e4a0, 0x000001709440ee50, 0x00000170944117b0,
0x000001709441b690, 0x0000017094429360, 0x000001709387bb70, 0x00000170945c84a0,
0x00000170945cb8d0, 0x00000170945cbdc0, 0x0000017094694cb0, 0x000001709a447e60,
0x0000017098cf2690, 0x0000017098d89130, 0x0000017096743b30, 0x000001709caa4fe0,
0x00000170967d5ba0, 0x00000170959d3460, 0x00000170959d3e80
}

Java Threads: ( => current thread )
  0x00000170ee7e84f0 JavaThread "main" [_thread_blocked, id=22000, stack(0x00000027cbc00000,0x00000027cbd00000)]
  0x0000017093896090 JavaThread "Reference Handler" daemon [_thread_blocked, id=1356, stack(0x00000027cc300000,0x00000027cc400000)]
  0x0000017093896f00 JavaThread "Finalizer" daemon [_thread_blocked, id=22196, stack(0x00000027cc400000,0x00000027cc500000)]
  0x000001709440a790 JavaThread "Signal Dispatcher" daemon [_thread_blocked, id=16024, stack(0x00000027cc500000,0x00000027cc600000)]
  0x000001709440b340 JavaThread "Attach Listener" daemon [_thread_blocked, id=27888, stack(0x00000027cc600000,0x00000027cc700000)]
  0x000001709440e4a0 JavaThread "Service Thread" daemon [_thread_blocked, id=29148, stack(0x00000027cc700000,0x00000027cc800000)]
  0x000001709440ee50 JavaThread "Monitor Deflation Thread" daemon [_thread_blocked, id=11148, stack(0x00000027cc800000,0x00000027cc900000)]
  0x00000170944117b0 JavaThread "C2 CompilerThread0" daemon [_thread_blocked, id=27972, stack(0x00000027cc900000,0x00000027cca00000)]
  0x000001709441b690 JavaThread "C1 CompilerThread0" daemon [_thread_blocked, id=29220, stack(0x00000027cca00000,0x00000027ccb00000)]
  0x0000017094429360 JavaThread "Sweeper thread" daemon [_thread_blocked, id=19844, stack(0x00000027ccb00000,0x00000027ccc00000)]
  0x000001709387bb70 JavaThread "Common-Cleaner" daemon [_thread_blocked, id=29100, stack(0x00000027ccc00000,0x00000027ccd00000)]
  0x00000170945c84a0 JavaThread "JDWP Transport Listener: dt_socket" daemon [_thread_blocked, id=5452, stack(0x00000027ccd00000,0x00000027cce00000)]
  0x00000170945cb8d0 JavaThread "JDWP Event Helper Thread" daemon [_thread_blocked, id=17008, stack(0x00000027cce00000,0x00000027ccf00000)]
  0x00000170945cbdc0 JavaThread "JDWP Command Reader" daemon [_thread_in_native, id=27092, stack(0x00000027ccf00000,0x00000027cd000000)]
  0x0000017094694cb0 JavaThread "Notification Thread" daemon [_thread_blocked, id=20276, stack(0x00000027cd000000,0x00000027cd100000)]
  0x000001709a447e60 JavaThread "Catalina-utility-1" [_thread_blocked, id=8852, stack(0x00000027cdf00000,0x00000027ce000000)]
  0x0000017098cf2690 JavaThread "Catalina-utility-2" [_thread_blocked, id=24940, stack(0x00000027ce000000,0x00000027ce100000)]
  0x0000017098d89130 JavaThread "container-0" [_thread_blocked, id=21820, stack(0x00000027ce100000,0x00000027ce200000)]
  0x0000017096743b30 JavaThread "PostgreSQL-JDBC-Cleaner" daemon [_thread_blocked, id=6492, stack(0x00000027ce300000,0x00000027ce400000)]
  0x000001709caa4fe0 JavaThread "HikariPool-1:housekeeper" daemon [_thread_blocked, id=10416, stack(0x00000027ce400000,0x00000027ce500000)]
  0x00000170967d5ba0 JavaThread "HikariPool-1:connection-adder" daemon [_thread_blocked, id=30248, stack(0x00000027ce500000,0x00000027ce600000)]
  0x00000170959d3460 JavaThread "C2 CompilerThread1" daemon [_thread_blocked, id=19824, stack(0x00000027cd200000,0x00000027cd300000)]
  0x00000170959d3e80 JavaThread "C2 CompilerThread2" daemon [_thread_blocked, id=10224, stack(0x00000027cd300000,0x00000027cd400000)]

Other Threads:
=>0x000001709388ece0 VMThread "VM Thread" [stack: 0x00000027cc200000,0x00000027cc300000] [id=9352]
  0x00000170945f8f40 WatcherThread [stack: 0x00000027cd100000,0x00000027cd200000] [id=28744]
  0x00000170ee856b30 GCTaskThread "GC Thread#0" [stack: 0x00000027cbd00000,0x00000027cbe00000] [id=29472]
  0x000001709556c220 GCTaskThread "GC Thread#1" [stack: 0x00000027cd400000,0x00000027cd500000] [id=29776]
  0x0000017094c87de0 GCTaskThread "GC Thread#2" [stack: 0x00000027cd500000,0x00000027cd600000] [id=27212]
  0x00000170953e91a0 GCTaskThread "GC Thread#3" [stack: 0x00000027cd600000,0x00000027cd700000] [id=24336]
  0x0000017095026430 GCTaskThread "GC Thread#4" [stack: 0x00000027cd700000,0x00000027cd800000] [id=5676]
  0x00000170950266e0 GCTaskThread "GC Thread#5" [stack: 0x00000027cd800000,0x00000027cd900000] [id=13360]
  0x0000017094ffeca0 GCTaskThread "GC Thread#6" [stack: 0x00000027cd900000,0x00000027cda00000] [id=29644]
  0x0000017094f883f0 GCTaskThread "GC Thread#7" [stack: 0x00000027cda00000,0x00000027cdb00000] [id=20456]
  0x0000017095542fb0 GCTaskThread "GC Thread#8" [stack: 0x00000027cdb00000,0x00000027cdc00000] [id=27980]
  0x0000017094b7b020 GCTaskThread "GC Thread#9" [stack: 0x00000027cdc00000,0x00000027cdd00000] [id=5260]
  0x00000170ee867700 ConcurrentGCThread "G1 Main Marker" [stack: 0x00000027cbe00000,0x00000027cbf00000] [id=29508]
  0x00000170ee8688b0 ConcurrentGCThread "G1 Conc#0" [stack: 0x00000027cbf00000,0x00000027cc000000] [id=8924]
  0x0000017095d3a060 ConcurrentGCThread "G1 Conc#1" [stack: 0x00000027cdd00000,0x00000027cde00000] [id=15200]
  0x0000017095d3a5c0 ConcurrentGCThread "G1 Conc#2" [stack: 0x00000027cde00000,0x00000027cdf00000] [id=7980]
  0x00000170ee89ead0 ConcurrentGCThread "G1 Refine#0" [stack: 0x00000027cc000000,0x00000027cc100000] [id=9128]
  0x0000017093748720 ConcurrentGCThread "G1 Service" [stack: 0x00000027cc100000,0x00000027cc200000] [id=7072]

Threads with active compile tasks:
C2 CompilerThread0    11956 5160       4       org.springframework.core.annotation.AnnotationsScanner::process (55 bytes)
C2 CompilerThread1    11956 5578       4       org.antlr.v4.runtime.misc.Array2DHashSet::getOrAddImpl (146 bytes)
C2 CompilerThread2    11956 5576       4       org.antlr.v4.runtime.atn.ParserATNSimulator::closure_ (343 bytes)

VM state: at safepoint (normal execution)

VM Mutex/Monitor currently owned by a thread:  ([mutex/lock_event])
[0x00000170ee7e27b0] Threads_lock - owner thread: 0x000001709388ece0
[0x00000170ee7e39b0] Heap_lock - owner thread: 0x00000170ee7e84f0

Heap address: 0x0000000703600000, size: 4042 MB, Compressed Oops mode: Zero based, Oop shift amount: 3

CDS archive(s) mapped at: [0x0000000800000000-0x0000000800bd0000-0x0000000800bd0000), size 12386304, SharedBaseAddress: 0x0000000800000000, ArchiveRelocationMode: 0.
Compressed class space mapped at: 0x0000000800c00000-0x0000000840c00000, reserved size: 1073741824
Narrow klass base: 0x0000000800000000, Narrow klass shift: 0, Narrow klass range: 0x100000000

GC Precious Log:
 CPUs: 12 total, 12 available
 Memory: 16160M
 Large Page Support: Disabled
 NUMA Support: Disabled
 Compressed Oops: Enabled (Zero based)
 Heap Region Size: 2M
 Heap Min Capacity: 8M
 Heap Initial Capacity: 254M
 Heap Max Capacity: 4042M
 Pre-touch: Disabled
 Parallel Workers: 10
 Concurrent Workers: 3
 Concurrent Refinement Workers: 10
 Periodic GC: Disabled

Heap:
 garbage-first heap   total 90112K, used 41710K [0x0000000703600000, 0x0000000800000000)
  region size 2048K, 1 young (2048K), 1 survivors (2048K)
 Metaspace       used 67172K, committed 67712K, reserved 1114112K
  class space    used 9509K, committed 9792K, reserved 1048576K

Heap Regions: E=young(eden), S=young(survivor), O=old, HS=humongous(starts), HC=humongous(continues), CS=collection set, F=free, OA=open archive, CA=closed archive, TAMS=top-at-mark-start (previous, next)
|   0|0x0000000703600000, 0x0000000703800000, 0x0000000703800000|100%| O|  |TAMS 0x0000000703800000, 0x0000000703600000| Untracked 
|   1|0x0000000703800000, 0x0000000703a00000, 0x0000000703a00000|100%| O|  |TAMS 0x0000000703a00000, 0x0000000703800000| Untracked 
|   2|0x0000000703a00000, 0x0000000703c00000, 0x0000000703c00000|100%| O|  |TAMS 0x0000000703c00000, 0x0000000703a00000| Untracked 
|   3|0x0000000703c00000, 0x0000000703dff400, 0x0000000703e00000| 99%| O|  |TAMS 0x0000000703dff400, 0x0000000703c00000| Untracked 
|   4|0x0000000703e00000, 0x0000000704000000, 0x0000000704000000|100%| O|  |TAMS 0x0000000704000000, 0x0000000703e00000| Untracked 
|   5|0x0000000704000000, 0x0000000704200000, 0x0000000704200000|100%| O|  |TAMS 0x0000000704200000, 0x0000000704000000| Untracked 
|   6|0x0000000704200000, 0x0000000704400000, 0x0000000704400000|100%| O|  |TAMS 0x0000000704400000, 0x0000000704200000| Untracked 
|   7|0x0000000704400000, 0x0000000704600000, 0x0000000704600000|100%| O|  |TAMS 0x0000000704600000, 0x0000000704400000| Untracked 
|   8|0x0000000704600000, 0x0000000704800000, 0x0000000704800000|100%| O|  |TAMS 0x0000000704800000, 0x0000000704600000| Untracked 
|   9|0x0000000704800000, 0x0000000704a00000, 0x0000000704a00000|100%| O|  |TAMS 0x0000000704a00000, 0x0000000704800000| Untracked 
|  10|0x0000000704a00000, 0x0000000704c00000, 0x0000000704c00000|100%| O|  |TAMS 0x0000000704c00000, 0x0000000704a00000| Untracked 
|  11|0x0000000704c00000, 0x0000000704e00000, 0x0000000704e00000|100%| O|  |TAMS 0x0000000704e00000, 0x0000000704c00000| Untracked 
|  12|0x0000000704e00000, 0x0000000705000000, 0x0000000705000000|100%| O|  |TAMS 0x0000000705000000, 0x0000000704e00000| Untracked 
|  13|0x0000000705000000, 0x0000000705200000, 0x0000000705200000|100%| O|  |TAMS 0x0000000705200000, 0x0000000705000000| Untracked 
|  14|0x0000000705200000, 0x0000000705400000, 0x0000000705400000|100%| O|  |TAMS 0x0000000705400000, 0x0000000705200000| Untracked 
|  15|0x0000000705400000, 0x0000000705600000, 0x0000000705600000|100%| O|  |TAMS 0x0000000705600000, 0x0000000705400000| Untracked 
|  16|0x0000000705600000, 0x0000000705800000, 0x0000000705800000|100%| O|  |TAMS 0x0000000705800000, 0x0000000705600000| Untracked 
|  17|0x0000000705800000, 0x0000000705a00000, 0x0000000705a00000|100%| O|  |TAMS 0x0000000705a00000, 0x0000000705800000| Untracked 
|  18|0x0000000705a00000, 0x0000000705a00000, 0x0000000705c00000|  0%| F|  |TAMS 0x0000000705a00000, 0x0000000705a00000| Untracked 
|  19|0x0000000705c00000, 0x0000000705e00000, 0x0000000705e00000|100%| O|  |TAMS 0x0000000705de1c00, 0x0000000705c00000| Untracked 
|  20|0x0000000705e00000, 0x0000000706000000, 0x0000000706000000|100%| O|  |TAMS 0x0000000705e00000, 0x0000000705e00000| Untracked 
|  21|0x0000000706000000, 0x0000000706078200, 0x0000000706200000| 23%| O|  |TAMS 0x0000000706000000, 0x0000000706000000| Untracked 
|  22|0x0000000706200000, 0x0000000706200000, 0x0000000706400000|  0%| F|  |TAMS 0x0000000706200000, 0x0000000706200000| Untracked 
|  23|0x0000000706400000, 0x0000000706400000, 0x0000000706600000|  0%| F|  |TAMS 0x0000000706400000, 0x0000000706400000| Untracked 
|  24|0x0000000706600000, 0x0000000706600000, 0x0000000706800000|  0%| F|  |TAMS 0x0000000706600000, 0x0000000706600000| Untracked 
|  25|0x0000000706800000, 0x0000000706800000, 0x0000000706a00000|  0%| F|  |TAMS 0x0000000706800000, 0x0000000706800000| Untracked 
|  26|0x0000000706a00000, 0x0000000706a00000, 0x0000000706c00000|  0%| F|  |TAMS 0x0000000706a00000, 0x0000000706a00000| Untracked 
|  27|0x0000000706c00000, 0x0000000706c00000, 0x0000000706e00000|  0%| F|  |TAMS 0x0000000706c00000, 0x0000000706c00000| Untracked 
|  28|0x0000000706e00000, 0x0000000706e00000, 0x0000000707000000|  0%| F|  |TAMS 0x0000000706e00000, 0x0000000706e00000| Untracked 
|  29|0x0000000707000000, 0x0000000707000000, 0x0000000707200000|  0%| F|  |TAMS 0x0000000707000000, 0x0000000707000000| Untracked 
|  30|0x0000000707200000, 0x0000000707200000, 0x0000000707400000|  0%| F|  |TAMS 0x0000000707200000, 0x0000000707200000| Untracked 
|  31|0x0000000707400000, 0x0000000707400000, 0x0000000707600000|  0%| F|  |TAMS 0x0000000707400000, 0x0000000707400000| Untracked 
|  32|0x0000000707600000, 0x0000000707600000, 0x0000000707800000|  0%| F|  |TAMS 0x0000000707600000, 0x0000000707600000| Untracked 
|  33|0x0000000707800000, 0x0000000707800000, 0x0000000707a00000|  0%| F|  |TAMS 0x0000000707800000, 0x0000000707800000| Untracked 
|  34|0x0000000707a00000, 0x0000000707a00000, 0x0000000707c00000|  0%| F|  |TAMS 0x0000000707a00000, 0x0000000707a00000| Untracked 
|  35|0x0000000707c00000, 0x0000000707c00000, 0x0000000707e00000|  0%| F|  |TAMS 0x0000000707c00000, 0x0000000707c00000| Untracked 
|  36|0x0000000707e00000, 0x0000000707e00000, 0x0000000708000000|  0%| F|  |TAMS 0x0000000707e00000, 0x0000000707e00000| Untracked 
|  37|0x0000000708000000, 0x0000000708000000, 0x0000000708200000|  0%| F|  |TAMS 0x0000000708000000, 0x0000000708000000| Untracked 
|  38|0x0000000708200000, 0x0000000708200000, 0x0000000708400000|  0%| F|  |TAMS 0x0000000708200000, 0x0000000708200000| Untracked 
| 117|0x0000000712000000, 0x0000000712000000, 0x0000000712200000|  0%| F|  |TAMS 0x0000000712000000, 0x0000000712000000| Untracked 
| 118|0x0000000712200000, 0x0000000712200000, 0x0000000712400000|  0%| F|  |TAMS 0x0000000712200000, 0x0000000712200000| Untracked 
| 119|0x0000000712400000, 0x0000000712400000, 0x0000000712600000|  0%| F|  |TAMS 0x0000000712400000, 0x0000000712400000| Untracked 
| 120|0x0000000712600000, 0x0000000712644200, 0x0000000712800000| 13%| S|CS|TAMS 0x0000000712600000, 0x0000000712600000| Complete 
| 126|0x0000000713200000, 0x0000000713200000, 0x0000000713400000|  0%| F|  |TAMS 0x0000000713200000, 0x0000000713200000| Untracked 

Card table byte_map: [0x00000170f8ca0000,0x00000170f9490000] _byte_map_base: 0x00000170f5485000

Marking Bits (Prev, Next): (CMBitMap*) 0x00000170ee857140, (CMBitMap*) 0x00000170ee857180
 Prev Bits: [0x00000170f9c80000, 0x00000170fdba8000)
 Next Bits: [0x000001708f000000, 0x0000017092f28000)

Polling page: 0x00000170f7800000

Metaspace:

Usage:
  Non-class:     56.31 MB used.
      Class:      9.29 MB used.
       Both:     65.60 MB used.

Virtual space:
  Non-class space:       64.00 MB reserved,      56.56 MB ( 88%) committed,  8 nodes.
      Class space:        1.00 GB reserved,       9.56 MB ( <1%) committed,  1 nodes.
             Both:        1.06 GB reserved,      66.12 MB (  6%) committed. 

Chunk freelists:
   Non-Class:  3.25 MB
       Class:  2.47 MB
        Both:  5.72 MB

MaxMetaspaceSize: unlimited
CompressedClassSpaceSize: 1.00 GB
Initial GC threshold: 21.00 MB
Current GC threshold: 110.25 MB
CDS: on
MetaspaceReclaimPolicy: balanced
 - commit_granule_bytes: 65536.
 - commit_granule_words: 8192.
 - virtual_space_node_default_size: 1048576.
 - enlarge_chunks_in_place: 1.
 - new_chunks_are_fully_committed: 0.
 - uncommit_free_chunks: 1.
 - use_allocation_guard: 0.
 - handle_deallocations: 1.


Internal statistics:

num_allocs_failed_limit: 9.
num_arena_births: 754.
num_arena_deaths: 0.
num_vsnodes_births: 9.
num_vsnodes_deaths: 0.
num_space_committed: 1058.
num_space_uncommitted: 0.
num_chunks_returned_to_freelist: 9.
num_chunks_taken_from_freelist: 3202.
num_chunk_merges: 6.
num_chunk_splits: 2372.
num_chunks_enlarged: 1921.
num_purges: 0.
num_inconsistent_stats: 0.

CodeHeap 'non-profiled nmethods': size=120000Kb used=4153Kb max_used=4153Kb free=115846Kb
 bounds [0x0000017087ad0000, 0x0000017087ee0000, 0x000001708f000000]
CodeHeap 'profiled nmethods': size=120000Kb used=10086Kb max_used=10159Kb free=109913Kb
 bounds [0x0000017080000000, 0x00000170809f0000, 0x0000017087530000]
CodeHeap 'non-nmethods': size=5760Kb used=1392Kb max_used=1472Kb free=4367Kb
 bounds [0x0000017087530000, 0x00000170877a0000, 0x0000017087ad0000]
 total_blobs=5521 nmethods=4879 adapters=553
 compilation: enabled
              stopped_count=0, restarted_count=0
 full_count=0

Compilation events (20 events):
Event: 11.802 Thread 0x000001709441b690 5574       2       org.antlr.v4.runtime.atn.ATNConfigSet$AbstractConfigHashSet::<init> (9 bytes)
Event: 11.803 Thread 0x000001709441b690 nmethod 5574 0x00000170800e0610 code [0x00000170800e07a0, 0x00000170800e08e8]
Event: 11.803 Thread 0x000001709441b690 5575       2       org.antlr.v4.runtime.atn.ATNConfigSet$AbstractConfigHashSet::<init> (8 bytes)
Event: 11.803 Thread 0x000001709441b690 nmethod 5575 0x00000170800e0010 code [0x00000170800e01a0, 0x00000170800e02e8]
Event: 11.803 Thread 0x00000170959d3e80 nmethod 5301 0x0000017087edbf10 code [0x0000017087edc080, 0x0000017087edc138]
Event: 11.803 Thread 0x00000170959d3e80 5298       4       org.antlr.v4.runtime.misc.MurmurHash::update (75 bytes)
Event: 11.803 Thread 0x00000170959d3e80 nmethod 5298 0x0000017087edc210 code [0x0000017087edc380, 0x0000017087edc3f8]
Event: 11.803 Thread 0x00000170959d3e80 5576       4       org.antlr.v4.runtime.atn.ParserATNSimulator::closure_ (343 bytes)
Event: 11.805 Thread 0x000001709441b690 5577       2       org.antlr.v4.runtime.misc.Array2DHashSet::getOrAddImpl (146 bytes)
Event: 11.805 Thread 0x000001709441b690 nmethod 5577 0x00000170807d3810 code [0x00000170807d3a40, 0x00000170807d42d8]
Event: 11.808 Thread 0x000001709441b690 5579       3       org.antlr.v4.runtime.atn.LexerATNConfig::<init> (32 bytes)
Event: 11.809 Thread 0x000001709441b690 nmethod 5579 0x00000170807d2f90 code [0x00000170807d3160, 0x00000170807d3688]
Event: 11.809 Thread 0x00000170959d3460 nmethod 5424 0x0000017087edc510 code [0x0000017087edc780, 0x0000017087edd850]
Event: 11.809 Thread 0x000001709441b690 5580       2       org.antlr.v4.runtime.atn.LexerATNSimulator::consume (49 bytes)
Event: 11.809 Thread 0x00000170959d3460 5578       4       org.antlr.v4.runtime.misc.Array2DHashSet::getOrAddImpl (146 bytes)
Event: 11.809 Thread 0x000001709441b690 nmethod 5580 0x00000170807d2a90 code [0x00000170807d2c40, 0x00000170807d2e38]
Event: 11.809 Thread 0x000001709441b690 5581       2       org.antlr.v4.runtime.CodePointCharStream::consume (56 bytes)
Event: 11.809 Thread 0x000001709441b690 nmethod 5581 0x00000170807d2610 code [0x00000170807d27c0, 0x00000170807d29a8]
Event: 11.820 Thread 0x000001709441b690 5584 %     3       org.antlr.v4.runtime.misc.Array2DHashSet::expand @ 68 (247 bytes)
Event: 11.820 Thread 0x000001709441b690 nmethod 5584% 0x00000170807d0b10 code [0x00000170807d0da0, 0x00000170807d1e18]

GC Heap History (20 events):
Event: 7.607 GC heap after
{Heap after GC invocations=16 (full 0):
 garbage-first heap   total 61440K, used 28130K [0x0000000703600000, 0x0000000800000000)
  region size 2048K, 2 young (4096K), 2 survivors (4096K)
 Metaspace       used 57176K, committed 57728K, reserved 1105920K
  class space    used 7797K, committed 8064K, reserved 1048576K
}
Event: 7.838 GC heap before
{Heap before GC invocations=16 (full 0):
 garbage-first heap   total 61440K, used 36322K [0x0000000703600000, 0x0000000800000000)
  region size 2048K, 8 young (16384K), 2 survivors (4096K)
 Metaspace       used 59648K, committed 60160K, reserved 1105920K
  class space    used 8179K, committed 8448K, reserved 1048576K
}
Event: 7.841 GC heap after
{Heap after GC invocations=17 (full 0):
 garbage-first heap   total 61440K, used 28569K [0x0000000703600000, 0x0000000800000000)
  region size 2048K, 2 young (4096K), 2 survivors (4096K)
 Metaspace       used 59648K, committed 60160K, reserved 1105920K
  class space    used 8179K, committed 8448K, reserved 1048576K
}
Event: 11.034 GC heap before
{Heap before GC invocations=18 (full 0):
 garbage-first heap   total 61440K, used 47001K [0x0000000703600000, 0x0000000800000000)
  region size 2048K, 12 young (24576K), 2 survivors (4096K)
 Metaspace       used 62303K, committed 62848K, reserved 1105920K
  class space    used 8618K, committed 8896K, reserved 1048576K
}
Event: 11.037 GC heap after
{Heap after GC invocations=19 (full 0):
 garbage-first heap   total 61440K, used 30271K [0x0000000703600000, 0x0000000800000000)
  region size 2048K, 2 young (4096K), 2 survivors (4096K)
 Metaspace       used 62303K, committed 62848K, reserved 1105920K
  class space    used 8618K, committed 8896K, reserved 1048576K
}
Event: 11.351 GC heap before
{Heap before GC invocations=19 (full 0):
 garbage-first heap   total 61440K, used 46655K [0x0000000703600000, 0x0000000800000000)
  region size 2048K, 11 young (22528K), 2 survivors (4096K)
 Metaspace       used 65388K, committed 65984K, reserved 1105920K
  class space    used 9125K, committed 9408K, reserved 1048576K
}
Event: 11.354 GC heap after
{Heap after GC invocations=20 (full 0):
 garbage-first heap   total 61440K, used 31490K [0x0000000703600000, 0x0000000800000000)
  region size 2048K, 2 young (4096K), 2 survivors (4096K)
 Metaspace       used 65388K, committed 65984K, reserved 1105920K
  class space    used 9125K, committed 9408K, reserved 1048576K
}
Event: 11.457 GC heap before
{Heap before GC invocations=21 (full 0):
 garbage-first heap   total 65536K, used 49922K [0x0000000703600000, 0x0000000800000000)
  region size 2048K, 11 young (22528K), 2 survivors (4096K)
 Metaspace       used 65416K, committed 65984K, reserved 1105920K
  class space    used 9131K, committed 9408K, reserved 1048576K
}
Event: 11.461 GC heap after
{Heap after GC invocations=22 (full 0):
 garbage-first heap   total 65536K, used 34321K [0x0000000703600000, 0x0000000800000000)
  region size 2048K, 2 young (4096K), 2 survivors (4096K)
 Metaspace       used 65416K, committed 65984K, reserved 1105920K
  class space    used 9131K, committed 9408K, reserved 1048576K
}
Event: 11.471 GC heap before
{Heap before GC invocations=22 (full 0):
 garbage-first heap   total 65536K, used 36369K [0x0000000703600000, 0x0000000800000000)
  region size 2048K, 3 young (6144K), 2 survivors (4096K)
 Metaspace       used 65416K, committed 65984K, reserved 1105920K
  class space    used 9131K, committed 9408K, reserved 1048576K
}
Event: 11.474 GC heap after
{Heap after GC invocations=23 (full 0):
 garbage-first heap   total 65536K, used 34963K [0x0000000703600000, 0x0000000800000000)
  region size 2048K, 1 young (2048K), 1 survivors (2048K)
 Metaspace       used 65416K, committed 65984K, reserved 1105920K
  class space    used 9131K, committed 9408K, reserved 1048576K
}
Event: 11.528 GC heap before
{Heap before GC invocations=23 (full 0):
 garbage-first heap   total 65536K, used 49299K [0x0000000703600000, 0x0000000800000000)
  region size 2048K, 8 young (16384K), 1 survivors (2048K)
 Metaspace       used 65416K, committed 65984K, reserved 1105920K
  class space    used 9131K, committed 9408K, reserved 1048576K
}
Event: 11.532 GC heap after
{Heap after GC invocations=24 (full 0):
 garbage-first heap   total 65536K, used 40603K [0x0000000703600000, 0x0000000800000000)
  region size 2048K, 1 young (2048K), 1 survivors (2048K)
 Metaspace       used 65416K, committed 65984K, reserved 1105920K
  class space    used 9131K, committed 9408K, reserved 1048576K
}
Event: 11.573 GC heap before
{Heap before GC invocations=25 (full 0):
 garbage-first heap   total 79872K, used 48795K [0x0000000703600000, 0x0000000800000000)
  region size 2048K, 5 young (10240K), 1 survivors (2048K)
 Metaspace       used 65417K, committed 65984K, reserved 1105920K
  class space    used 9131K, committed 9408K, reserved 1048576K
}
Event: 11.575 GC heap after
{Heap after GC invocations=26 (full 0):
 garbage-first heap   total 79872K, used 41943K [0x0000000703600000, 0x0000000800000000)
  region size 2048K, 1 young (2048K), 1 survivors (2048K)
 Metaspace       used 65417K, committed 65984K, reserved 1105920K
  class space    used 9131K, committed 9408K, reserved 1048576K
}
Event: 11.744 GC heap before
{Heap before GC invocations=26 (full 0):
 garbage-first heap   total 79872K, used 58327K [0x0000000703600000, 0x0000000800000000)
  region size 2048K, 10 young (20480K), 1 survivors (2048K)
 Metaspace       used 67161K, committed 67712K, reserved 1114112K
  class space    used 9509K, committed 9792K, reserved 1048576K
}
Event: 11.747 GC heap after
{Heap after GC invocations=27 (full 0):
 garbage-first heap   total 79872K, used 43588K [0x0000000703600000, 0x0000000800000000)
  region size 2048K, 2 young (4096K), 2 survivors (4096K)
 Metaspace       used 67161K, committed 67712K, reserved 1114112K
  class space    used 9509K, committed 9792K, reserved 1048576K
}
Event: 11.821 GC heap before
{Heap before GC invocations=28 (full 0):
 garbage-first heap   total 90112K, used 59972K [0x0000000703600000, 0x0000000800000000)
  region size 2048K, 10 young (20480K), 2 survivors (4096K)
 Metaspace       used 67172K, committed 67712K, reserved 1114112K
  class space    used 9509K, committed 9792K, reserved 1048576K
}
Event: 11.823 GC heap after
{Heap after GC invocations=29 (full 0):
 garbage-first heap   total 90112K, used 42380K [0x0000000703600000, 0x0000000800000000)
  region size 2048K, 1 young (2048K), 1 survivors (2048K)
 Metaspace       used 67172K, committed 67712K, reserved 1114112K
  class space    used 9509K, committed 9792K, reserved 1048576K
}
Event: 11.827 GC heap before
{Heap before GC invocations=29 (full 0):
 garbage-first heap   total 90112K, used 44428K [0x0000000703600000, 0x0000000800000000)
  region size 2048K, 2 young (4096K), 1 survivors (2048K)
 Metaspace       used 67172K, committed 67712K, reserved 1114112K
  class space    used 9509K, committed 9792K, reserved 1048576K
}

Deoptimization events (20 events):
Event: 11.768 Thread 0x00000170ee7e84f0 Uncommon trap: trap_request=0xffffffd6 fr.pc=0x0000017087ecbefc relative=0x000000000000103c
Event: 11.768 Thread 0x00000170ee7e84f0 Uncommon trap: reason=array_check action=maybe_recompile pc=0x0000017087ecbefc method=org.antlr.v4.runtime.misc.Array2DHashSet.getOrAddImpl(Ljava/lang/Object;)Ljava/lang/Object; @ 36 c2
Event: 11.768 Thread 0x00000170ee7e84f0 DEOPT PACKING pc=0x0000017087ecbefc sp=0x00000027cbcf9520
Event: 11.768 Thread 0x00000170ee7e84f0 DEOPT UNPACKING pc=0x00000170875823a3 sp=0x00000027cbcf94f0 mode 2
Event: 11.768 Thread 0x00000170ee7e84f0 Uncommon trap: trap_request=0xffffffd6 fr.pc=0x0000017087ecbefc relative=0x000000000000103c
Event: 11.768 Thread 0x00000170ee7e84f0 Uncommon trap: reason=array_check action=maybe_recompile pc=0x0000017087ecbefc method=org.antlr.v4.runtime.misc.Array2DHashSet.getOrAddImpl(Ljava/lang/Object;)Ljava/lang/Object; @ 36 c2
Event: 11.768 Thread 0x00000170ee7e84f0 DEOPT PACKING pc=0x0000017087ecbefc sp=0x00000027cbcfa920
Event: 11.768 Thread 0x00000170ee7e84f0 DEOPT UNPACKING pc=0x00000170875823a3 sp=0x00000027cbcfa8f0 mode 2
Event: 11.788 Thread 0x00000170ee7e84f0 Uncommon trap: trap_request=0xffffffd6 fr.pc=0x0000017087ed3af4 relative=0x0000000000005434
Event: 11.788 Thread 0x00000170ee7e84f0 Uncommon trap: reason=array_check action=maybe_recompile pc=0x0000017087ed3af4 method=org.antlr.v4.runtime.misc.Array2DHashSet.getOrAddImpl(Ljava/lang/Object;)Ljava/lang/Object; @ 36 c2
Event: 11.788 Thread 0x00000170ee7e84f0 DEOPT PACKING pc=0x0000017087ed3af4 sp=0x00000027cbcfa030
Event: 11.788 Thread 0x00000170ee7e84f0 DEOPT UNPACKING pc=0x00000170875823a3 sp=0x00000027cbcf9f00 mode 2
Event: 11.804 Thread 0x00000170ee7e84f0 Uncommon trap: trap_request=0xffffffd6 fr.pc=0x0000017087edb290 relative=0x0000000000001250
Event: 11.804 Thread 0x00000170ee7e84f0 Uncommon trap: reason=array_check action=maybe_recompile pc=0x0000017087edb290 method=org.antlr.v4.runtime.misc.Array2DHashSet.getOrAddImpl(Ljava/lang/Object;)Ljava/lang/Object; @ 128 c2
Event: 11.804 Thread 0x00000170ee7e84f0 DEOPT PACKING pc=0x0000017087edb290 sp=0x00000027cbcf9990
Event: 11.804 Thread 0x00000170ee7e84f0 DEOPT UNPACKING pc=0x00000170875823a3 sp=0x00000027cbcf9970 mode 2
Event: 11.804 Thread 0x00000170ee7e84f0 Uncommon trap: trap_request=0xffffffd6 fr.pc=0x0000017087edb290 relative=0x0000000000001250
Event: 11.804 Thread 0x00000170ee7e84f0 Uncommon trap: reason=array_check action=maybe_recompile pc=0x0000017087edb290 method=org.antlr.v4.runtime.misc.Array2DHashSet.getOrAddImpl(Ljava/lang/Object;)Ljava/lang/Object; @ 128 c2
Event: 11.804 Thread 0x00000170ee7e84f0 DEOPT PACKING pc=0x0000017087edb290 sp=0x00000027cbcf9090
Event: 11.804 Thread 0x00000170ee7e84f0 DEOPT UNPACKING pc=0x00000170875823a3 sp=0x00000027cbcf9070 mode 2

Classes unloaded (0 events):
No events

Classes redefined (0 events):
No events

Internal exceptions (20 events):
Event: 7.689 Thread 0x00000170ee7e84f0 Exception <a 'java/lang/NoSuchMethodError'{0x00000007127d2cd8}: 'void java.lang.invoke.DirectMethodHandle$Holder.invokeInterface(java.lang.Object, java.lang.Object, int, java.lang.Object)'> (0x00000007127d2cd8) 
thrown [s\open\src\hotspot\share\interpreter\linkResolver.cpp, line 759]
Event: 7.693 Thread 0x00000170ee7e84f0 Exception <a 'java/lang/NoSuchMethodError'{0x0000000712402d78}: 'java.lang.Object java.lang.invoke.DirectMethodHandle$Holder.newInvokeSpecial(java.lang.Object, java.lang.Object, int, java.lang.Object)'> (0x0000000712402d78) 
thrown [s\open\src\hotspot\share\interpreter\linkResolver.cpp, line 759]
Event: 7.693 Thread 0x00000170ee7e84f0 Exception <a 'java/lang/NoSuchMethodError'{0x0000000712406940}: 'java.lang.Object java.lang.invoke.Invokers$Holder.linkToTargetMethod(java.lang.Object, int, java.lang.Object, java.lang.Object)'> (0x0000000712406940) 
thrown [s\open\src\hotspot\share\interpreter\linkResolver.cpp, line 759]
Event: 7.718 Thread 0x00000170ee7e84f0 Exception <a 'java/lang/NoSuchMethodError'{0x0000000712514f90}: 'void java.lang.invoke.DirectMethodHandle$Holder.invokeSpecial(java.lang.Object, java.lang.Object, int, java.lang.Object)'> (0x0000000712514f90) 
thrown [s\open\src\hotspot\share\interpreter\linkResolver.cpp, line 759]
Event: 7.718 Thread 0x00000170ee7e84f0 Exception <a 'java/lang/NoSuchMethodError'{0x000000071251be98}: 'java.lang.Object java.lang.invoke.DirectMethodHandle$Holder.newInvokeSpecial(java.lang.Object, java.lang.Object, int)'> (0x000000071251be98) 
thrown [s\open\src\hotspot\share\interpreter\linkResolver.cpp, line 759]
Event: 7.719 Thread 0x00000170ee7e84f0 Exception <a 'java/lang/IncompatibleClassChangeError'{0x000000071251fb60}: Found class java.lang.Object, but interface was expected> (0x000000071251fb60) 
thrown [s\open\src\hotspot\share\interpreter\linkResolver.cpp, line 826]
Event: 7.755 Thread 0x00000170ee7e84f0 Exception <a 'java/lang/NoSuchMethodError'{0x00000007123087c8}: 'int java.lang.invoke.DirectMethodHandle$Holder.invokeStatic(java.lang.Object, int, java.lang.Object)'> (0x00000007123087c8) 
thrown [s\open\src\hotspot\share\interpreter\linkResolver.cpp, line 759]
Event: 7.758 Thread 0x00000170ee7e84f0 Exception <a 'java/lang/NoSuchMethodError'{0x000000071232ec10}: 'java.lang.Object java.lang.invoke.DirectMethodHandle$Holder.newInvokeSpecial(java.lang.Object, java.lang.Object, java.lang.Object, java.lang.Object, java.lang.Object, int, java.lang.Object)'> (0x000000071232ec10) 
thrown [s\open\src\hotspot\share\interpreter\linkResolver.cpp, line 759]
Event: 7.764 Thread 0x00000170ee7e84f0 Exception <a 'java/lang/NoSuchMethodError'{0x000000071236dee0}: 'java.lang.Object java.lang.invoke.DirectMethodHandle$Holder.newInvokeSpecial(java.lang.Object, java.lang.Object, java.lang.Object, java.lang.Object, java.lang.Object, java.lang.Object, java.lang.Object, java.lang.Object, java.lang.Object, java.lang.Object, java.lang.Object, java.lang.Object)'> (0x000000071236dee0) 
thrown [s\open\src\hotspot\share\interpreter\linkResolver.cpp, line 759]
Event: 7.764 Thread 0x00000170ee7e84f0 Exception <a 'java/lang/NoSuchMethodError'{0x0000000712372978}: 'java.lang.Object java.lang.invoke.DirectMethodHandle$Holder.invokeSpecial(java.lang.Object, java.lang.Object, java.lang.Object, java.lang.Object, java.lang.Object, java.lang.Object, java.lang.Object, java.lang.Object, java.lang.Object, java.lang.Object, java.lang.Object, java.lang.Object, java.lang.Object)'> (0x0000000712372978) 
thrown [s\open\src\hotspot\share\interpreter\linkResolver.cpp, line 759]
Event: 7.764 Thread 0x00000170ee7e84f0 Exception <a 'java/lang/NoSuchMethodError'{0x0000000712377090}: 'java.lang.Object java.lang.invoke.Invokers$Holder.linkToTargetMethod(java.lang.Object, java.lang.Object, java.lang.Object, java.lang.Object, java.lang.Object, java.lang.Object, java.lang.Object, java.lang.Object, java.lang.Object, java.lang.Object, java.lang.Object, java.lang.Object)'> (0x0000000712377090) 
thrown [s\open\src\hotspot\share\interpreter\linkResolver.cpp, line 759]
Event: 7.809 Thread 0x00000170ee7e84f0 Exception <a 'java/lang/IncompatibleClassChangeError'{0x000000071218d150}: Found class java.lang.Object, but interface was expected> (0x000000071218d150) 
thrown [s\open\src\hotspot\share\interpreter\linkResolver.cpp, line 826]
Event: 7.821 Thread 0x00000170ee7e84f0 Exception <a 'java/lang/NoSuchMethodError'{0x000000070662e0e0}: 'java.lang.Object java.lang.invoke.DirectMethodHandle$Holder.newInvokeSpecial(java.lang.Object, java.lang.Object, java.lang.Object, java.lang.Object, java.lang.Object, java.lang.Object, java.lang.Object, int)'> (0x000000070662e0e0) 
thrown [s\open\src\hotspot\share\interpreter\linkResolver.cpp, line 759]
Event: 7.821 Thread 0x00000170ee7e84f0 Exception <a 'java/lang/NoSuchMethodError'{0x00000007066330d8}: 'java.lang.Object java.lang.invoke.DirectMethodHandle$Holder.invokeSpecial(java.lang.Object, java.lang.Object, java.lang.Object, java.lang.Object, java.lang.Object, java.lang.Object, java.lang.Object, java.lang.Object, int)'> (0x00000007066330d8) 
thrown [s\open\src\hotspot\share\interpreter\linkResolver.cpp, line 759]
Event: 7.821 Thread 0x00000170ee7e84f0 Exception <a 'java/lang/NoSuchMethodError'{0x0000000706637ba0}: 'java.lang.Object java.lang.invoke.Invokers$Holder.linkToTargetMethod(java.lang.Object, java.lang.Object, java.lang.Object, java.lang.Object, java.lang.Object, java.lang.Object, int, java.lang.Object)'> (0x0000000706637ba0) 
thrown [s\open\src\hotspot\share\interpreter\linkResolver.cpp, line 759]
Event: 10.802 Thread 0x00000170ee7e84f0 Exception <a 'java/lang/IncompatibleClassChangeError'{0x0000000706635c50}: Found class java.lang.Object, but interface was expected> (0x0000000706635c50) 
thrown [s\open\src\hotspot\share\interpreter\linkResolver.cpp, line 826]
Event: 10.847 Thread 0x00000170ee7e84f0 Exception <a 'java/lang/IncompatibleClassChangeError'{0x0000000706041b40}: Found class java.lang.Object, but interface was expected> (0x0000000706041b40) 
thrown [s\open\src\hotspot\share\interpreter\linkResolver.cpp, line 826]
Event: 10.975 Thread 0x00000170ee7e84f0 Exception <a 'java/lang/IncompatibleClassChangeError'{0x0000000705d37b18}: Found class java.lang.Object, but interface was expected> (0x0000000705d37b18) 
thrown [s\open\src\hotspot\share\interpreter\linkResolver.cpp, line 826]
Event: 11.019 Thread 0x00000170ee7e84f0 Exception <a 'java/lang/IncompatibleClassChangeError'{0x0000000705b44188}: Found class java.lang.Object, but interface was expected> (0x0000000705b44188) 
thrown [s\open\src\hotspot\share\interpreter\linkResolver.cpp, line 826]
Event: 11.093 Thread 0x00000170ee7e84f0 Exception <a 'java/lang/reflect/InvocationTargetException'{0x000000071275e040}> (0x000000071275e040) 
thrown [s\open\src\hotspot\share\runtime\reflection.cpp, line 1121]

VM Operations (20 events):
Event: 11.461 Executing VM operation: G1CollectForAllocation done
Event: 11.471 Executing VM operation: G1CollectForAllocation
Event: 11.474 Executing VM operation: G1CollectForAllocation done
Event: 11.528 Executing VM operation: G1CollectForAllocation
Event: 11.532 Executing VM operation: G1CollectForAllocation done
Event: 11.559 Executing VM operation: G1Concurrent
Event: 11.562 Executing VM operation: G1Concurrent done
Event: 11.572 Executing VM operation: G1Concurrent
Event: 11.572 Executing VM operation: G1Concurrent done
Event: 11.573 Executing VM operation: G1CollectForAllocation
Event: 11.575 Executing VM operation: G1CollectForAllocation done
Event: 11.744 Executing VM operation: G1CollectForAllocation
Event: 11.747 Executing VM operation: G1CollectForAllocation done
Event: 11.783 Executing VM operation: G1Concurrent
Event: 11.786 Executing VM operation: G1Concurrent done
Event: 11.796 Executing VM operation: G1Concurrent
Event: 11.796 Executing VM operation: G1Concurrent done
Event: 11.821 Executing VM operation: G1CollectForAllocation
Event: 11.823 Executing VM operation: G1CollectForAllocation done
Event: 11.827 Executing VM operation: G1CollectForAllocation

Events (20 events):
Event: 11.714 loading class org/hibernate/grammars/hql/HqlParser$TargetEntityContext
Event: 11.714 loading class org/hibernate/grammars/hql/HqlParser$TargetEntityContext done
Event: 11.715 loading class org/hibernate/grammars/hql/HqlParser$CubeContext
Event: 11.715 loading class org/hibernate/grammars/hql/HqlParser$CubeContext done
Event: 11.715 loading class org/hibernate/grammars/hql/HqlParser$RollupContext
Event: 11.715 loading class org/hibernate/grammars/hql/HqlParser$RollupContext done
Event: 11.715 loading class org/hibernate/grammars/hql/HqlParser$SortSpecificationContext
Event: 11.715 loading class org/hibernate/grammars/hql/HqlParser$SortSpecificationContext done
Event: 11.715 loading class org/hibernate/grammars/hql/HqlParser$TrimCharacterContext
Event: 11.715 loading class org/hibernate/grammars/hql/HqlParser$TrimCharacterContext done
Event: 11.715 loading class org/hibernate/grammars/hql/HqlParser$CastTargetContext
Event: 11.715 loading class org/hibernate/grammars/hql/HqlParser$CastTargetContext done
Event: 11.716 loading class org/hibernate/grammars/hql/HqlParser$SubstringFunctionContext
Event: 11.716 loading class org/hibernate/grammars/hql/HqlParser$SubstringFunctionContext done
Event: 11.716 loading class org/hibernate/grammars/hql/HqlParser$CrossJoinContext
Event: 11.716 loading class org/hibernate/grammars/hql/HqlParser$CrossJoinContext done
Event: 11.724 loading class org/hibernate/query/hql/internal/StandardHqlTranslator$1
Event: 11.724 loading class org/hibernate/query/hql/internal/StandardHqlTranslator$1 done
Event: 11.724 loading class org/hibernate/query/SyntaxException
Event: 11.724 loading class org/hibernate/query/SyntaxException done


Dynamic libraries:
0x00007ff79d270000 - 0x00007ff79d280000 	C:\Program Files\Java\jdk-17\bin\java.exe
0x00007ffbc8cb0000 - 0x00007ffbc8ec7000 	C:\WINDOWS\SYSTEM32\ntdll.dll
0x00007ffbc7db0000 - 0x00007ffbc7e74000 	C:\WINDOWS\System32\KERNEL32.DLL
0x00007ffbc5da0000 - 0x00007ffbc6172000 	C:\WINDOWS\System32\KERNELBASE.dll
0x00007ffbc6230000 - 0x00007ffbc6341000 	C:\WINDOWS\System32\ucrtbase.dll
0x00007ffbaba70000 - 0x00007ffbaba89000 	C:\Program Files\Java\jdk-17\bin\jli.dll
0x00007ffbab710000 - 0x00007ffbab72b000 	C:\Program Files\Java\jdk-17\bin\VCRUNTIME140.dll
0x00007ffbc8080000 - 0x00007ffbc8131000 	C:\WINDOWS\System32\ADVAPI32.dll
0x00007ffbc6d40000 - 0x00007ffbc6de7000 	C:\WINDOWS\System32\msvcrt.dll
0x00007ffbc70f0000 - 0x00007ffbc7198000 	C:\WINDOWS\System32\sechost.dll
0x00007ffbc6490000 - 0x00007ffbc64b8000 	C:\WINDOWS\System32\bcrypt.dll
0x00007ffbc73b0000 - 0x00007ffbc74c4000 	C:\WINDOWS\System32\RPCRT4.dll
0x00007ffbc71a0000 - 0x00007ffbc7351000 	C:\WINDOWS\System32\USER32.dll
0x00007ffbaa150000 - 0x00007ffbaa3eb000 	C:\WINDOWS\WinSxS\amd64_microsoft.windows.common-controls_6595b64144ccf1df_6.0.22621.5547_none_27104afb73855772\COMCTL32.dll
0x00007ffbc6180000 - 0x00007ffbc61a6000 	C:\WINDOWS\System32\win32u.dll
0x00007ffbc6fd0000 - 0x00007ffbc6ff9000 	C:\WINDOWS\System32\GDI32.dll
0x00007ffbc64c0000 - 0x00007ffbc65e3000 	C:\WINDOWS\System32\gdi32full.dll
0x00007ffbc68a0000 - 0x00007ffbc693a000 	C:\WINDOWS\System32\msvcp_win.dll
0x00007ffbbe9a0000 - 0x00007ffbbe9aa000 	C:\WINDOWS\SYSTEM32\VERSION.dll
0x00007ffbc8040000 - 0x00007ffbc8071000 	C:\WINDOWS\System32\IMM32.DLL
0x00007ffbc0d70000 - 0x00007ffbc0d7c000 	C:\Program Files\Java\jdk-17\bin\vcruntime140_1.dll
0x00007ffb6dfd0000 - 0x00007ffb6e05e000 	C:\Program Files\Java\jdk-17\bin\msvcp140.dll
0x00007ffb34610000 - 0x00007ffb351ed000 	C:\Program Files\Java\jdk-17\bin\server\jvm.dll
0x00007ffbc7000000 - 0x00007ffbc7008000 	C:\WINDOWS\System32\PSAPI.DLL
0x00007ffb9e7a0000 - 0x00007ffb9e7a9000 	C:\WINDOWS\SYSTEM32\WSOCK32.dll
0x00007ffbbd470000 - 0x00007ffbbd4a4000 	C:\WINDOWS\SYSTEM32\WINMM.dll
0x00007ffbc6f50000 - 0x00007ffbc6fc1000 	C:\WINDOWS\System32\WS2_32.dll
0x00007ffbc4e80000 - 0x00007ffbc4e98000 	C:\WINDOWS\SYSTEM32\kernel.appcore.dll
0x00007ffbc0cb0000 - 0x00007ffbc0cba000 	C:\Program Files\Java\jdk-17\bin\jimage.dll
0x00007ffbc36e0000 - 0x00007ffbc3913000 	C:\WINDOWS\SYSTEM32\DBGHELP.DLL
0x00007ffbc82a0000 - 0x00007ffbc8633000 	C:\WINDOWS\System32\combase.dll
0x00007ffbc7010000 - 0x00007ffbc70e7000 	C:\WINDOWS\System32\OLEAUT32.dll
0x00007ffba9450000 - 0x00007ffba9482000 	C:\WINDOWS\SYSTEM32\dbgcore.DLL
0x00007ffbc61b0000 - 0x00007ffbc622b000 	C:\WINDOWS\System32\bcryptPrimitives.dll
0x00007ffb5dff0000 - 0x00007ffb5e02b000 	C:\Program Files\Java\jdk-17\bin\jdwp.dll
0x00007ffbc0d80000 - 0x00007ffbc0d8e000 	C:\Program Files\Java\jdk-17\bin\instrument.dll
0x00007ffb8d7f0000 - 0x00007ffb8d815000 	C:\Program Files\Java\jdk-17\bin\java.dll
0x00007ffb83090000 - 0x00007ffb830a8000 	C:\Program Files\Java\jdk-17\bin\zip.dll
0x00007ffb4ce60000 - 0x00007ffb4cf37000 	C:\Program Files\Java\jdk-17\bin\jsvml.dll
0x00007ffbc74f0000 - 0x00007ffbc7d92000 	C:\WINDOWS\System32\SHELL32.dll
0x00007ffbc65f0000 - 0x00007ffbc672f000 	C:\WINDOWS\System32\wintypes.dll
0x00007ffbc3c80000 - 0x00007ffbc459d000 	C:\WINDOWS\SYSTEM32\windows.storage.dll
0x00007ffbc7f30000 - 0x00007ffbc803c000 	C:\WINDOWS\System32\SHCORE.dll
0x00007ffbc81b0000 - 0x00007ffbc8219000 	C:\WINDOWS\System32\shlwapi.dll
0x00007ffbc5cd0000 - 0x00007ffbc5cfb000 	C:\WINDOWS\SYSTEM32\profapi.dll
0x00007ffb83bf0000 - 0x00007ffb83bfc000 	C:\Program Files\Java\jdk-17\bin\dt_socket.dll
0x00007ffbc4800000 - 0x00007ffbc482d000 	C:\WINDOWS\SYSTEM32\IPHLPAPI.DLL
0x00007ffbc5300000 - 0x00007ffbc5369000 	C:\WINDOWS\system32\mswsock.dll
0x00007ffb90860000 - 0x00007ffb90879000 	C:\Program Files\Java\jdk-17\bin\net.dll
0x00007ffbbe160000 - 0x00007ffbbe28c000 	C:\WINDOWS\SYSTEM32\WINHTTP.dll
0x00007ffb830b0000 - 0x00007ffb830c6000 	C:\Program Files\Java\jdk-17\bin\nio.dll
0x00007ffbaba60000 - 0x00007ffbaba6d000 	C:\Program Files\Java\jdk-17\bin\sunmscapi.dll
0x00007ffbc6730000 - 0x00007ffbc6897000 	C:\WINDOWS\System32\CRYPT32.dll
0x00007ffbc5730000 - 0x00007ffbc575d000 	C:\WINDOWS\SYSTEM32\ncrypt.dll
0x00007ffbc56f0000 - 0x00007ffbc5727000 	C:\WINDOWS\SYSTEM32\NTASN1.dll
0x00007ffbc5540000 - 0x00007ffbc555b000 	C:\WINDOWS\SYSTEM32\CRYPTSP.dll
0x00007ffbc4de0000 - 0x00007ffbc4e17000 	C:\WINDOWS\system32\rsaenh.dll
0x00007ffbc53c0000 - 0x00007ffbc53e8000 	C:\WINDOWS\SYSTEM32\USERENV.dll
0x00007ffbc5530000 - 0x00007ffbc553c000 	C:\WINDOWS\SYSTEM32\CRYPTBASE.dll
0x00007ffbc74d0000 - 0x00007ffbc74d9000 	C:\WINDOWS\System32\NSI.dll
0x00007ffbbe0c0000 - 0x00007ffbbe0d9000 	C:\WINDOWS\SYSTEM32\dhcpcsvc6.DLL
0x00007ffbbe070000 - 0x00007ffbbe08f000 	C:\WINDOWS\SYSTEM32\dhcpcsvc.DLL
0x00007ffbc4870000 - 0x00007ffbc4968000 	C:\WINDOWS\SYSTEM32\DNSAPI.dll
0x00007ffb8d340000 - 0x00007ffb8d34a000 	C:\Program Files\Java\jdk-17\bin\management.dll
0x00007ffb83ff0000 - 0x00007ffb83ffb000 	C:\Program Files\Java\jdk-17\bin\management_ext.dll
0x00007ffbbf070000 - 0x00007ffbbf080000 	C:\Program Files\Java\jdk-17\bin\verify.dll
0x00007ffbbde60000 - 0x00007ffbbde6a000 	C:\Windows\System32\rasadhlp.dll
0x00007ffbbd3e0000 - 0x00007ffbbd464000 	C:\WINDOWS\System32\fwpuclnt.dll

dbghelp: loaded successfully - version: 4.0.5 - missing functions: none
symbol engine: initialized successfully - sym options: 0x614 - pdb path: .;C:\Program Files\Java\jdk-17\bin;C:\WINDOWS\SYSTEM32;C:\WINDOWS\WinSxS\amd64_microsoft.windows.common-controls_6595b64144ccf1df_6.0.22621.5547_none_27104afb73855772;C:\Program Files\Java\jdk-17\bin\server

VM Arguments:
jvm_args: -agentlib:jdwp=transport=dt_socket,address=127.0.0.1:61340,suspend=y,server=n -javaagent:C:\Users\user\AppData\Local\JetBrains\IdeaIC2023.1\captureAgent\debugger-agent.jar=file:/C:/Users/user/AppData/Local/Temp/capture.props -Dfile.encoding=UTF-8 
java_command: com.e_banking_portal.transaction_service.TransactionServiceApplication
java_class_path (initial): D:\Kerja\Synpulse8 Tech Test\E-Banking-Portal-Backend-App\transaction-service\target\classes;C:\Users\user\.m2\repository\org\springframework\boot\spring-boot-starter-actuator\3.5.4\spring-boot-starter-actuator-3.5.4.jar;C:\Users\user\.m2\repository\org\springframework\boot\spring-boot-starter\3.5.4\spring-boot-starter-3.5.4.jar;C:\Users\user\.m2\repository\org\springframework\boot\spring-boot\3.5.4\spring-boot-3.5.4.jar;C:\Users\user\.m2\repository\org\springframework\boot\spring-boot-autoconfigure\3.5.4\spring-boot-autoconfigure-3.5.4.jar;C:\Users\user\.m2\repository\org\springframework\boot\spring-boot-starter-logging\3.5.4\spring-boot-starter-logging-3.5.4.jar;C:\Users\user\.m2\repository\org\apache\logging\log4j\log4j-to-slf4j\2.24.3\log4j-to-slf4j-2.24.3.jar;C:\Users\user\.m2\repository\org\apache\logging\log4j\log4j-api\2.24.3\log4j-api-2.24.3.jar;C:\Users\user\.m2\repository\org\slf4j\jul-to-slf4j\2.0.17\jul-to-slf4j-2.0.17.jar;C:\Users\user\.m2\repository\jakarta\annotation\jakarta.annotation-api\2.1.1\jakarta.annotation-api-2.1.1.jar;C:\Users\user\.m2\repository\org\yaml\snakeyaml\2.4\snakeyaml-2.4.jar;C:\Users\user\.m2\repository\org\springframework\boot\spring-boot-actuator-autoconfigure\3.5.4\spring-boot-actuator-autoconfigure-3.5.4.jar;C:\Users\user\.m2\repository\org\springframework\boot\spring-boot-actuator\3.5.4\spring-boot-actuator-3.5.4.jar;C:\Users\user\.m2\repository\com\fasterxml\jackson\datatype\jackson-datatype-jsr310\2.19.2\jackson-datatype-jsr310-2.19.2.jar;C:\Users\user\.m2\repository\io\micrometer\micrometer-observation\1.15.2\micrometer-observation-1.15.2.jar;C:\Users\user\.m2\repository\io\micrometer\micrometer-commons\1.15.2\micrometer-commons-1.15.2.jar;C:\Users\user\.m2\repository\io\micrometer\micrometer-jakarta9\1.15.2\micrometer-jakarta9-1.15.2.jar;C:\Users\user\.m2\repository\io\micrometer\micrometer-core\1.15.2\micrometer-core-1.15.2.jar;C:\Users\user\.m2\repository\org\hdrhistogram\HdrHistogram\2.2.
Launcher Type: SUN_STANDARD

[Global flags]
     intx CICompilerCount                          = 4                                         {product} {ergonomic}
     uint ConcGCThreads                            = 3                                         {product} {ergonomic}
     uint G1ConcRefinementThreads                  = 10                                        {product} {ergonomic}
   size_t G1HeapRegionSize                         = 2097152                                   {product} {ergonomic}
    uintx GCDrainStackTargetSize                   = 64                                        {product} {ergonomic}
   size_t InitialHeapSize                          = 266338304                                 {product} {ergonomic}
   size_t MarkStackSize                            = 4194304                                   {product} {ergonomic}
   size_t MaxHeapSize                              = 4238344192                                {product} {ergonomic}
   size_t MaxNewSize                               = 2541748224                                {product} {ergonomic}
   size_t MinHeapDeltaBytes                        = 2097152                                   {product} {ergonomic}
   size_t MinHeapSize                              = 8388608                                   {product} {ergonomic}
    uintx NonNMethodCodeHeapSize                   = 5839372                                {pd product} {ergonomic}
    uintx NonProfiledCodeHeapSize                  = 122909434                              {pd product} {ergonomic}
    uintx ProfiledCodeHeapSize                     = 122909434                              {pd product} {ergonomic}
    uintx ReservedCodeCacheSize                    = 251658240                              {pd product} {ergonomic}
     bool SegmentedCodeCache                       = true                                      {product} {ergonomic}
   size_t SoftMaxHeapSize                          = 4238344192                             {manageable} {ergonomic}
     bool UseCompressedClassPointers               = true                           {product lp64_product} {ergonomic}
     bool UseCompressedOops                        = true                           {product lp64_product} {ergonomic}
     bool UseG1GC                                  = true                                      {product} {ergonomic}
     bool UseLargePagesIndividualAllocation        = false                                  {pd product} {ergonomic}

Logging:
Log output configuration:
 #0: stdout all=warning uptime,level,tags
 #1: stderr all=off uptime,level,tags

Environment Variables:
JAVA_HOME=C:\Program Files\Java\jdk-17
PATH=C:\Program Files\Common Files\Oracle\Java\javapath;C:\Program Files (x86)\VMware\VMware Player\bin\;C:\Program Files (x86)\Common Files\Oracle\Java\javapath;C:\Program Files\Microsoft MPI\Bin\;C:\windows\system32;C:\windows;C:\windows\System32\Wbem;C:\windows\System32\WindowsPowerShell\v1.0\;C:\windows\System32\OpenSSH\;C:\Program Files (x86)\NVIDIA Corporation\PhysX\Common;C:\Program Files\NVIDIA Corporation\NVIDIA NvDLISR;C:\Program Files (x86)\Microsoft SQL Server\150\DTS\Binn\;C:\Program Files (x86)\Microsoft SQL Server\150\Tools\Binn\;C:\Program Files\Microsoft SQL Server\150\Tools\Binn\;C:\Program Files\Microsoft SQL Server\150\DTS\Binn\;C:\Program Files\Microsoft SQL Server\Client SDK\ODBC\170\Tools\Binn\;C:\Program Files\dotnet\;C:\Program Files (x86)\dotnet\;D:\xampp\php;C:\ProgramData\ComposerSetup\bin;C:\Program Files\Git\cmd;C:\WINDOWS\system32;C:\WINDOWS;C:\WINDOWS\System32\Wbem;C:\WINDOWS\System32\WindowsPowerShell\v1.0\;C:\WINDOWS\System32\OpenSSH\;D:\Application\Git LFS;D:\Application\apache-maven-3.9.2\bin;C:\Program Files\Go\bin;D:\Application\nodejs\;C:\Program Files\Docker\Docker\resources\bin;C:\Program Files\MySQL\MySQL Server 8.0\bin;C:\Program Files\Java\jdk1.8.0_241\bin;C:\Users\user\AppData\Local\Microsoft\WindowsApps;C:\Users\user\.dotnet\tools;C:\Users\user\AppData\Local\Programs\Microsoft VS Code\bin;C:\Users\user\AppData\Roaming\Composer\vendor\bin;D:\Application\WebStorm 2022.1\bin;C:\Users\user\AppData\Local\GitHubDesktop\bin;D:\Application\IntelliJ IDEA 2023.1\bin;D:\Application\IntelliJ IDEA Community Edition 2023.1.2\bin;C:\Users\user\AppData\Local\JetBrains\Toolbox\scripts;C:\Users\user\go\bin;C:\Users\user\AppData\Roaming\npm;
USERNAME=user
OS=Windows_NT
PROCESSOR_IDENTIFIER=Intel64 Family 6 Model 165 Stepping 2, GenuineIntel



---------------  S Y S T E M  ---------------

OS:
 Windows 11 , 64 bit Build 22621 (10.0.22621.5415)
OS uptime: 10 days 13:58 hours
Hyper-V role detected

CPU: total 12 (initial active 12) (6 cores per cpu, 2 threads per core) family 6 model 165 stepping 2 microcode 0xf0, cx8, cmov, fxsr, ht, mmx, 3dnowpref, sse, sse2, sse3, ssse3, sse4.1, sse4.2, popcnt, lzcnt, tsc, tscinvbit, avx, avx2, aes, erms, clmul, bmi1, bmi2, adx, fma, vzeroupper, clflush, clflushopt, hv

Memory: 4k page, system-wide physical 16160M (1715M free)
TotalPageFile size 28696M (AvailPageFile size 148M)
current process WorkingSet (physical memory assigned to process): 338M, peak: 347M
current process commit charge ("private bytes"): 384M, peak: 540M

vm_info: Java HotSpot(TM) 64-Bit Server VM (17.0.7+8-LTS-224) for windows-amd64 JRE (17.0.7+8-LTS-224), built on Feb 28 2023 23:03:02 by "mach5one" with MS VC++ 17.1 (VS2022)

END.
